// Jest Snapshot v1, https://goo.gl/fbAQLP

exports[`should render expense list item 1`] = `
<div>
  <Link
    to="/edit/1"
  >
    <h3>
       
      Gum
       
    </h3>
    <p>
       
      195
       - 
      0
    </p>
  </Link>
</div>
`;
